Using pre-set license
Built from '2022.3/staging' branch; Version is '2022.3.51f1 (9f9d16c45e54) revision 10460438'; Using compiler version '192829333'; Build Type 'Release'
OS: 'Windows 11  (10.0.26200) 64bit Professional' Language: 'pl' Physical Memory: 130859 MB
BatchMode: 1, IsHumanControllingUs: 0, StartBugReporterOnCrash: 0, Is64bit: 1, IsPro: 1

COMMAND LINE ARGUMENTS:
C:\Program Files\Unity\Hub\Editor\2022.3.51f1\Editor\Unity.exe
-adb2
-batchMode
-noUpm
-name
AssetImportWorker0
-projectPath
C:/Users/LAB1-Student06/Documents/Flyps/Filip_L_2C_platformer
-logFile
Logs/AssetImportWorker0.log
-srvPort
58051
Successfully changed project path to: C:/Users/LAB1-Student06/Documents/Flyps/Filip_L_2C_platformer
C:/Users/LAB1-Student06/Documents/Flyps/Filip_L_2C_platformer
[UnityMemory] Configuration Parameters - Can be set up in boot.config
    "memorysetup-bucket-allocator-granularity=16"
    "memorysetup-bucket-allocator-bucket-count=8"
    "memorysetup-bucket-allocator-block-size=33554432"
    "memorysetup-bucket-allocator-block-count=8"
    "memorysetup-main-allocator-block-size=16777216"
    "memorysetup-thread-allocator-block-size=16777216"
    "memorysetup-gfx-main-allocator-block-size=16777216"
    "memorysetup-gfx-thread-allocator-block-size=16777216"
    "memorysetup-cache-allocator-block-size=4194304"
    "memorysetup-typetree-allocator-block-size=2097152"
    "memorysetup-profiler-bucket-allocator-granularity=16"
    "memorysetup-profiler-bucket-allocator-bucket-count=8"
    "memorysetup-profiler-bucket-allocator-block-size=33554432"
    "memorysetup-profiler-bucket-allocator-block-count=8"
    "memorysetup-profiler-allocator-block-size=16777216"
    "memorysetup-profiler-editor-allocator-block-size=1048576"
    "memorysetup-temp-allocator-size-main=16777216"
    "memorysetup-job-temp-allocator-block-size=2097152"
    "memorysetup-job-temp-allocator-block-size-background=1048576"
    "memorysetup-job-temp-allocator-reduction-small-platforms=262144"
    "memorysetup-allocator-temp-initial-block-size-main=262144"
    "memorysetup-allocator-temp-initial-block-size-worker=262144"
    "memorysetup-temp-allocator-size-background-worker=32768"
    "memorysetup-temp-allocator-size-job-worker=262144"
    "memorysetup-temp-allocator-size-preload-manager=33554432"
    "memorysetup-temp-allocator-size-nav-mesh-worker=65536"
    "memorysetup-temp-allocator-size-audio-worker=65536"
    "memorysetup-temp-allocator-size-cloud-worker=32768"
    "memorysetup-temp-allocator-size-gi-baking-worker=262144"
    "memorysetup-temp-allocator-size-gfx=262144"
Player connection [32372]  Target information:

Player connection [32372]  * "[IP] 192.168.11.205 [Port] 0 [Flags] 2 [Guid] 997187479 [EditorId] 997187479 [Version] 1048832 [Id] WindowsEditor(7,LAB1-Komputer06-N) [Debug] 1 [PackageName] WindowsEditor [ProjectName] Editor" 

Player connection [32372] Host joined multi-casting on [225.0.0.222:54997]...
Player connection [32372] Host joined alternative multi-casting on [225.0.0.222:34997]...
[PhysX] Initialized MultithreadedTaskDispatcher with 28 workers.
Refreshing native plugins compatible for Editor in 0.00 ms, found 0 plugins.
Preloading 0 native plugins for Editor in 0.00 ms.
Initialize engine version: 2022.3.51f1 (9f9d16c45e54)
[Subsystems] Discovering subsystems at path C:/Program Files/Unity/Hub/Editor/2022.3.51f1/Editor/Data/Resources/UnitySubsystems
[Subsystems] Discovering subsystems at path C:/Users/LAB1-Student06/Documents/Flyps/Filip_L_2C_platformer/Assets
GfxDevice: creating device client; threaded=0; jobified=0
Direct3D:
    Version:  Direct3D 11.0 [level 11.1]
    Renderer: NVIDIA GeForce RTX 5070 Ti (ID=0x2c05)
    Vendor:   NVIDIA
    VRAM:     15907 MB
    Driver:   32.0.15.8142
Initialize mono
Mono path[0] = 'C:/Program Files/Unity/Hub/Editor/2022.3.51f1/Editor/Data/Managed'
Mono path[1] = 'C:/Program Files/Unity/Hub/Editor/2022.3.51f1/Editor/Data/MonoBleedingEdge/lib/mono/unityjit-win32'
Mono config path = 'C:/Program Files/Unity/Hub/Editor/2022.3.51f1/Editor/Data/MonoBleedingEdge/etc'
Using monoOptions --debugger-agent=transport=dt_socket,embedding=1,server=y,suspend=n,address=127.0.0.1:56772
Begin MonoManager ReloadAssembly
Registering precompiled unity dll's ...
Register platform support module: C:/Program Files/Unity/Hub/Editor/2022.3.51f1/Editor/Data/PlaybackEngines/WindowsStandaloneSupport/UnityEditor.WindowsStandalone.Extensions.dll
Registered in 0.004412 seconds.
- Loaded All Assemblies, in  0.198 seconds
Native extension for WindowsStandalone target not found
Mono: successfully reloaded assembly
- Finished resetting the current domain, in  0.150 seconds
Domain Reload Profiling: 347ms
	BeginReloadAssembly (61ms)
		ExecutionOrderSort (0ms)
		DisableScriptedObjects (0ms)
		BackupInstance (0ms)
		ReleaseScriptingObjects (0ms)
		CreateAndSetChildDomain (0ms)
	RebuildCommonClasses (19ms)
	RebuildNativeTypeToScriptingClass (5ms)
	initialDomainReloadingComplete (34ms)
	LoadAllAssembliesAndSetupDomain (78ms)
		LoadAssemblies (59ms)
		RebuildTransferFunctionScriptingTraits (0ms)
		AnalyzeDomain (77ms)
			TypeCache.Refresh (76ms)
				TypeCache.ScanAssembly (68ms)
			ScanForSourceGeneratedMonoScriptInfo (0ms)
			ResolveRequiredComponents (0ms)
	FinalizeReload (150ms)
		ReleaseScriptCaches (0ms)
		RebuildScriptCaches (0ms)
		SetupLoadedEditorAssemblies (125ms)
			LogAssemblyErrors (0ms)
			InitializePlatformSupportModulesInManaged (6ms)
			SetLoadedEditorAssemblies (4ms)
			RefreshPlugins (0ms)
			BeforeProcessingInitializeOnLoad (1ms)
			ProcessInitializeOnLoadAttributes (86ms)
			ProcessInitializeOnLoadMethodAttributes (28ms)
			AfterProcessingInitializeOnLoad (0ms)
			EditorAssembliesLoaded (0ms)
		ExecutionOrderSort2 (0ms)
		AwakeInstancesAfterBackupRestoration (0ms)
========================================================================
Worker process is ready to serve import requests
Caller must complete domain reload
Begin MonoManager ReloadAssembly
- Loaded All Assemblies, in  0.120 seconds
Native extension for WindowsStandalone target not found
Mono: successfully reloaded assembly
- Finished resetting the current domain, in  0.179 seconds
Domain Reload Profiling: 298ms
	BeginReloadAssembly (78ms)
		ExecutionOrderSort (0ms)
		DisableScriptedObjects (3ms)
		BackupInstance (0ms)
		ReleaseScriptingObjects (0ms)
		CreateAndSetChildDomain (11ms)
	RebuildCommonClasses (19ms)
	RebuildNativeTypeToScriptingClass (5ms)
	initialDomainReloadingComplete (13ms)
	LoadAllAssembliesAndSetupDomain (4ms)
		LoadAssemblies (47ms)
		RebuildTransferFunctionScriptingTraits (0ms)
		AnalyzeDomain (3ms)
			TypeCache.Refresh (2ms)
				TypeCache.ScanAssembly (0ms)
			ScanForSourceGeneratedMonoScriptInfo (0ms)
			ResolveRequiredComponents (0ms)
	FinalizeReload (180ms)
		ReleaseScriptCaches (0ms)
		RebuildScriptCaches (0ms)
		SetupLoadedEditorAssemblies (116ms)
			LogAssemblyErrors (0ms)
			InitializePlatformSupportModulesInManaged (4ms)
			SetLoadedEditorAssemblies (3ms)
			RefreshPlugins (0ms)
			BeforeProcessingInitializeOnLoad (15ms)
			ProcessInitializeOnLoadAttributes (79ms)
			ProcessInitializeOnLoadMethodAttributes (10ms)
			AfterProcessingInitializeOnLoad (4ms)
			EditorAssembliesLoaded (0ms)
		ExecutionOrderSort2 (0ms)
		AwakeInstancesAfterBackupRestoration (4ms)
Launched and connected shader compiler UnityShaderCompiler.exe after 0.03 seconds
Refreshing native plugins compatible for Editor in 0.00 ms, found 0 plugins.
Preloading 0 native plugins for Editor in 0.00 ms.
Unloading 6 Unused Serialized files (Serialized files now loaded: 0)
Unloading 3 unused Assets / (40.1 KB). Loaded Objects now: 477.
Memory consumption went from 50.2 MB to 50.1 MB.
Total: 1.537200 ms (FindLiveObjects: 0.021500 ms CreateObjectMapping: 0.002600 ms MarkObjects: 1.477800 ms  DeleteObjects: 0.034800 ms)

AssetImportParameters requested are different than current active one (requested -> active):
  custom:video-decoder-ogg-theora: a1e56fd34408186e4bbccfd4996cb3dc -> 
  custom:container-muxer-webm: aa71ff27fc2769a1b78a27578f13a17b -> 
  custom:container-demuxer-webm: 4f35f7cbe854078d1ac9338744f61a02 -> 
  custom:video-encoder-webm-vp8: eb34c28f22e8b96e1ab97ce403110664 -> 
  custom:video-codec-MediaFoundation-h265: 746d11721c4dcdbdad8f713fa42b33f4 -> 
  custom:CustomObjectIndexerAttribute: 9a22284fe3817be447336de3de66b15e -> 
  custom:audio-encoder-webm-vorbis: bf7c407c2cedff20999df2af8eb42d56 -> 
  custom:framework-win-MediaFoundation: 216162199b28c13a410421893ffa2e32 -> 
  custom:SearchIndexIgnoredProperties: e643bd26f0fe6173181afceb89e7c659 -> 
  custom:container-demuxer-ogg: 62fdf1f143b41e24485cea50d1cbac27 -> 
  custom:video-decoder-webm-vp8: 9c59270c3fd7afecdb556c50c9e8de78 -> 
  custom:audio-decoder-ogg-vorbis: bf7c407c2cedff20999df2af8eb42d56 -> 
  custom:AudioImporter_EditorPlatform: d09bf68614088b80899f8185d706f6e7 -> 
========================================================================
Received Import Request.
  Time since last request: 410513.856573 seconds.
  path: Assets/New Material.mat
  artifactKey: Guid(d565b7bc71cc53046bf814408cf3d008) Importer(815301076,1909f56bfc062723c751e8b465ee728b)
Start importing Assets/New Material.mat using Guid(d565b7bc71cc53046bf814408cf3d008) Importer(815301076,1909f56bfc062723c751e8b465ee728b) [PhysX] Initialized MultithreadedTaskDispatcher with 28 workers.
[PhysX] Initialized MultithreadedTaskDispatcher with 28 workers.
 -> (artifact id: 'd219f33c2b21185d9737323ca23fb02b') in 0.095853 seconds
Number of updated asset objects reloaded before import = 0
Number of asset objects unloaded after import = 1
========================================================================
Received Import Request.
  Time since last request: 177.684017 seconds.
  path: Assets/Cube.prefab
  artifactKey: Guid(834dd79fae9548344a4b967f37ca3683) Importer(815301076,1909f56bfc062723c751e8b465ee728b)
Start importing Assets/Cube.prefab using Guid(834dd79fae9548344a4b967f37ca3683) Importer(815301076,1909f56bfc062723c751e8b465ee728b) [PhysX] Initialized MultithreadedTaskDispatcher with 28 workers.
[PhysX] Initialized MultithreadedTaskDispatcher with 28 workers.
 -> (artifact id: 'f3d7eed39dda7e81576cb36d0acb2131') in 0.013024 seconds
Number of updated asset objects reloaded before import = 0
Number of asset objects unloaded after import = 10
========================================================================
Received Import Request.
  Time since last request: 11.963381 seconds.
  path: Assets/Cube.prefab
  artifactKey: Guid(834dd79fae9548344a4b967f37ca3683) Importer(815301076,1909f56bfc062723c751e8b465ee728b)
Start importing Assets/Cube.prefab using Guid(834dd79fae9548344a4b967f37ca3683) Importer(815301076,1909f56bfc062723c751e8b465ee728b) [PhysX] Initialized MultithreadedTaskDispatcher with 28 workers.
[PhysX] Initialized MultithreadedTaskDispatcher with 28 workers.
 -> (artifact id: '568aa1319defb28173051dc4c72b8bf6') in 0.005709 seconds
Number of updated asset objects reloaded before import = 0
Number of asset objects unloaded after import = 10
========================================================================
Received Import Request.
  Time since last request: 2.409060 seconds.
  path: Assets/Cube.prefab
  artifactKey: Guid(834dd79fae9548344a4b967f37ca3683) Importer(815301076,1909f56bfc062723c751e8b465ee728b)
Start importing Assets/Cube.prefab using Guid(834dd79fae9548344a4b967f37ca3683) Importer(815301076,1909f56bfc062723c751e8b465ee728b) [PhysX] Initialized MultithreadedTaskDispatcher with 28 workers.
[PhysX] Initialized MultithreadedTaskDispatcher with 28 workers.
 -> (artifact id: 'cc51aee7584973e3e3c2c115b8a2431f') in 0.006013 seconds
Number of updated asset objects reloaded before import = 0
Number of asset objects unloaded after import = 10
========================================================================
Received Import Request.
  Time since last request: 1.405476 seconds.
  path: Assets/Cube.prefab
  artifactKey: Guid(834dd79fae9548344a4b967f37ca3683) Importer(815301076,1909f56bfc062723c751e8b465ee728b)
Start importing Assets/Cube.prefab using Guid(834dd79fae9548344a4b967f37ca3683) Importer(815301076,1909f56bfc062723c751e8b465ee728b) [PhysX] Initialized MultithreadedTaskDispatcher with 28 workers.
[PhysX] Initialized MultithreadedTaskDispatcher with 28 workers.
 -> (artifact id: '75285463ac5d6f52c0136f89efd37565') in 0.005764 seconds
Number of updated asset objects reloaded before import = 0
Number of asset objects unloaded after import = 10
========================================================================
Received Import Request.
  Time since last request: 3.009456 seconds.
  path: Assets/Cube.prefab
  artifactKey: Guid(834dd79fae9548344a4b967f37ca3683) Importer(815301076,1909f56bfc062723c751e8b465ee728b)
Start importing Assets/Cube.prefab using Guid(834dd79fae9548344a4b967f37ca3683) Importer(815301076,1909f56bfc062723c751e8b465ee728b) [PhysX] Initialized MultithreadedTaskDispatcher with 28 workers.
[PhysX] Initialized MultithreadedTaskDispatcher with 28 workers.
 -> (artifact id: 'c90e118c6469e392bdf02c6f4f7fb9d9') in 0.006241 seconds
Number of updated asset objects reloaded before import = 0
Number of asset objects unloaded after import = 10
========================================================================
Received Import Request.
  Time since last request: 205.731273 seconds.
  path: Assets/New Material 2.mat
  artifactKey: Guid(1f54dc3fc430b824291c95edec8affe7) Importer(815301076,1909f56bfc062723c751e8b465ee728b)
Start importing Assets/New Material 2.mat using Guid(1f54dc3fc430b824291c95edec8affe7) Importer(815301076,1909f56bfc062723c751e8b465ee728b) [PhysX] Initialized MultithreadedTaskDispatcher with 28 workers.
[PhysX] Initialized MultithreadedTaskDispatcher with 28 workers.
 -> (artifact id: '3f0d490f3fe4bdf28b540dbe590f258a') in 0.006432 seconds
Number of updated asset objects reloaded before import = 0
Number of asset objects unloaded after import = 1
========================================================================
Received Import Request.
  Time since last request: 80.244173 seconds.
  path: Assets/Cube (1) Variant.prefab
  artifactKey: Guid(a86b84fbe3e87214286852e71402ab74) Importer(815301076,1909f56bfc062723c751e8b465ee728b)
Start importing Assets/Cube (1) Variant.prefab using Guid(a86b84fbe3e87214286852e71402ab74) Importer(815301076,1909f56bfc062723c751e8b465ee728b) [PhysX] Initialized MultithreadedTaskDispatcher with 28 workers.
[PhysX] Initialized MultithreadedTaskDispatcher with 28 workers.
 -> (artifact id: 'e8a8203f6f2dc08199aaa13a71dcd4a1') in 0.007225 seconds
Number of updated asset objects reloaded before import = 0
Number of asset objects unloaded after import = 21
========================================================================
Received Import Request.
  Time since last request: 5.813493 seconds.
  path: Assets/Cube (1) Variant.prefab
  artifactKey: Guid(a86b84fbe3e87214286852e71402ab74) Importer(815301076,1909f56bfc062723c751e8b465ee728b)
Start importing Assets/Cube (1) Variant.prefab using Guid(a86b84fbe3e87214286852e71402ab74) Importer(815301076,1909f56bfc062723c751e8b465ee728b) [PhysX] Initialized MultithreadedTaskDispatcher with 28 workers.
[PhysX] Initialized MultithreadedTaskDispatcher with 28 workers.
 -> (artifact id: 'd65190c52dbe60581defa3056d1b6d10') in 0.005386 seconds
Number of updated asset objects reloaded before import = 0
Number of asset objects unloaded after import = 21
========================================================================
Received Import Request.
  Time since last request: 15.520587 seconds.
  path: Assets/Cube (1) Variant.prefab
  artifactKey: Guid(a86b84fbe3e87214286852e71402ab74) Importer(815301076,1909f56bfc062723c751e8b465ee728b)
Start importing Assets/Cube (1) Variant.prefab using Guid(a86b84fbe3e87214286852e71402ab74) Importer(815301076,1909f56bfc062723c751e8b465ee728b) [PhysX] Initialized MultithreadedTaskDispatcher with 28 workers.
[PhysX] Initialized MultithreadedTaskDispatcher with 28 workers.
 -> (artifact id: '89f5e8f3b7abe1c12178c954e5d1cc11') in 0.006336 seconds
Number of updated asset objects reloaded before import = 0
Number of asset objects unloaded after import = 21
========================================================================
Received Import Request.
  Time since last request: 13.075882 seconds.
  path: Assets/Cube (1) Variant.prefab
  artifactKey: Guid(a86b84fbe3e87214286852e71402ab74) Importer(815301076,1909f56bfc062723c751e8b465ee728b)
Start importing Assets/Cube (1) Variant.prefab using Guid(a86b84fbe3e87214286852e71402ab74) Importer(815301076,1909f56bfc062723c751e8b465ee728b) [PhysX] Initialized MultithreadedTaskDispatcher with 28 workers.
[PhysX] Initialized MultithreadedTaskDispatcher with 28 workers.
 -> (artifact id: '5f507663c4c0eaaf8947c06de29f45e8') in 0.005232 seconds
Number of updated asset objects reloaded before import = 0
Number of asset objects unloaded after import = 21
========================================================================
Received Import Request.
  Time since last request: 405.857276 seconds.
  path: Assets/Cube (1) Variant 1.prefab
  artifactKey: Guid(4e3f62f16e18b69449adf964a10f57e5) Importer(815301076,1909f56bfc062723c751e8b465ee728b)
Start importing Assets/Cube (1) Variant 1.prefab using Guid(4e3f62f16e18b69449adf964a10f57e5) Importer(815301076,1909f56bfc062723c751e8b465ee728b) [PhysX] Initialized MultithreadedTaskDispatcher with 28 workers.
[PhysX] Initialized MultithreadedTaskDispatcher with 28 workers.
 -> (artifact id: '523bcf855f7533b1bd43ab3d1070774a') in 0.007055 seconds
Number of updated asset objects reloaded before import = 0
Number of asset objects unloaded after import = 33
========================================================================
Received Import Request.
  Time since last request: 8.224966 seconds.
  path: Assets/Cube (2) Variant.prefab
  artifactKey: Guid(38ec75909431a5a4e8881a9c1664db18) Importer(815301076,1909f56bfc062723c751e8b465ee728b)
Start importing Assets/Cube (2) Variant.prefab using Guid(38ec75909431a5a4e8881a9c1664db18) Importer(815301076,1909f56bfc062723c751e8b465ee728b) [PhysX] Initialized MultithreadedTaskDispatcher with 28 workers.
[PhysX] Initialized MultithreadedTaskDispatcher with 28 workers.
 -> (artifact id: '228778d9b26d05026678ed9664592189') in 0.006428 seconds
Number of updated asset objects reloaded before import = 0
Number of asset objects unloaded after import = 32
========================================================================
Received Import Request.
  Time since last request: 7.476788 seconds.
  path: Assets/Cube (1) Variant 1.prefab
  artifactKey: Guid(4e3f62f16e18b69449adf964a10f57e5) Importer(815301076,1909f56bfc062723c751e8b465ee728b)
Start importing Assets/Cube (1) Variant 1.prefab using Guid(4e3f62f16e18b69449adf964a10f57e5) Importer(815301076,1909f56bfc062723c751e8b465ee728b) [PhysX] Initialized MultithreadedTaskDispatcher with 28 workers.
 -> (artifact id: '373954ac9acf8faa5a0fe3ddeb09156a') in 0.000670 seconds
Number of updated asset objects reloaded before import = 0
Number of asset objects unloaded after import = 1
========================================================================
Received Import Request.
  Time since last request: 53.545556 seconds.
  path: Assets/Cube (1) Variant.prefab
  artifactKey: Guid(a86b84fbe3e87214286852e71402ab74) Importer(815301076,1909f56bfc062723c751e8b465ee728b)
Start importing Assets/Cube (1) Variant.prefab using Guid(a86b84fbe3e87214286852e71402ab74) Importer(815301076,1909f56bfc062723c751e8b465ee728b) [PhysX] Initialized MultithreadedTaskDispatcher with 28 workers.
[PhysX] Initialized MultithreadedTaskDispatcher with 28 workers.
 -> (artifact id: 'def8c0655285fc77b93a2b767293fb5a') in 0.005400 seconds
Number of updated asset objects reloaded before import = 0
Number of asset objects unloaded after import = 16
========================================================================
Received Import Request.
  Time since last request: 0.009952 seconds.
  path: Assets/Cube (1) Variant 1.prefab
  artifactKey: Guid(4e3f62f16e18b69449adf964a10f57e5) Importer(815301076,1909f56bfc062723c751e8b465ee728b)
Start importing Assets/Cube (1) Variant 1.prefab using Guid(4e3f62f16e18b69449adf964a10f57e5) Importer(815301076,1909f56bfc062723c751e8b465ee728b) [PhysX] Initialized MultithreadedTaskDispatcher with 28 workers.
[PhysX] Initialized MultithreadedTaskDispatcher with 28 workers.
 -> (artifact id: 'c407025c3a85bc208941c047bba1b41f') in 0.005303 seconds
Number of updated asset objects reloaded before import = 0
Number of asset objects unloaded after import = 24
========================================================================
Received Import Request.
  Time since last request: 56.694138 seconds.
  path: Assets/Cube (2) Variant 1.prefab
  artifactKey: Guid(e37206f5e2f202a43aefd70e850f832c) Importer(815301076,1909f56bfc062723c751e8b465ee728b)
Start importing Assets/Cube (2) Variant 1.prefab using Guid(e37206f5e2f202a43aefd70e850f832c) Importer(815301076,1909f56bfc062723c751e8b465ee728b) [PhysX] Initialized MultithreadedTaskDispatcher with 28 workers.
[PhysX] Initialized MultithreadedTaskDispatcher with 28 workers.
 -> (artifact id: '570184c09a7f3eb5bddf1c79513f6efb') in 0.005289 seconds
Number of updated asset objects reloaded before import = 0
Number of asset objects unloaded after import = 16
========================================================================
Received Import Request.
  Time since last request: 527.727588 seconds.
  path: Assets/Cube (3) Variant.prefab
  artifactKey: Guid(c393896b2fe874441ae592e7210ddfd0) Importer(815301076,1909f56bfc062723c751e8b465ee728b)
Start importing Assets/Cube (3) Variant.prefab using Guid(c393896b2fe874441ae592e7210ddfd0) Importer(815301076,1909f56bfc062723c751e8b465ee728b) [PhysX] Initialized MultithreadedTaskDispatcher with 28 workers.
[PhysX] Initialized MultithreadedTaskDispatcher with 28 workers.
 -> (artifact id: '110db95525fb2f7de8e6d5b1cfef1e88') in 0.006560 seconds
Number of updated asset objects reloaded before import = 0
Number of asset objects unloaded after import = 24
========================================================================
Received Import Request.
  Time since last request: 48.106923 seconds.
  path: Assets/Cube (4) Variant.prefab
  artifactKey: Guid(f010f85b3183c7f46b0bd7f7785bc067) Importer(815301076,1909f56bfc062723c751e8b465ee728b)
Start importing Assets/Cube (4) Variant.prefab using Guid(f010f85b3183c7f46b0bd7f7785bc067) Importer(815301076,1909f56bfc062723c751e8b465ee728b) [PhysX] Initialized MultithreadedTaskDispatcher with 28 workers.
[PhysX] Initialized MultithreadedTaskDispatcher with 28 workers.
 -> (artifact id: '3f3cf1c76af72e513f142bd8d4975210') in 0.006019 seconds
Number of updated asset objects reloaded before import = 0
Number of asset objects unloaded after import = 24
========================================================================
Received Import Request.
  Time since last request: 66.409817 seconds.
  path: Assets/Cube (5) Variant.prefab
  artifactKey: Guid(c44a7bc989aed9940a9b2ce23d4710ac) Importer(815301076,1909f56bfc062723c751e8b465ee728b)
Start importing Assets/Cube (5) Variant.prefab using Guid(c44a7bc989aed9940a9b2ce23d4710ac) Importer(815301076,1909f56bfc062723c751e8b465ee728b) [PhysX] Initialized MultithreadedTaskDispatcher with 28 workers.
[PhysX] Initialized MultithreadedTaskDispatcher with 28 workers.
 -> (artifact id: 'e5ddec0253c2e584d357232e3fdd7327') in 0.008707 seconds
Number of updated asset objects reloaded before import = 0
Number of asset objects unloaded after import = 24
========================================================================
Received Import Request.
  Time since last request: 33.128493 seconds.
  path: Assets/Cube (6) Variant.prefab
  artifactKey: Guid(d1c7ce5748b3adc428950d93ac95c7b4) Importer(815301076,1909f56bfc062723c751e8b465ee728b)
Start importing Assets/Cube (6) Variant.prefab using Guid(d1c7ce5748b3adc428950d93ac95c7b4) Importer(815301076,1909f56bfc062723c751e8b465ee728b) [PhysX] Initialized MultithreadedTaskDispatcher with 28 workers.
[PhysX] Initialized MultithreadedTaskDispatcher with 28 workers.
 -> (artifact id: '798e06ca71ba56a23b10cb53b8ee767e') in 0.005662 seconds
Number of updated asset objects reloaded before import = 0
Number of asset objects unloaded after import = 24
========================================================================
Received Import Request.
  Time since last request: 101.552081 seconds.
  path: Assets/New Material 3.mat
  artifactKey: Guid(5f0aafcd5147e5c43bac40694e590385) Importer(815301076,1909f56bfc062723c751e8b465ee728b)
Start importing Assets/New Material 3.mat using Guid(5f0aafcd5147e5c43bac40694e590385) Importer(815301076,1909f56bfc062723c751e8b465ee728b) [PhysX] Initialized MultithreadedTaskDispatcher with 28 workers.
[PhysX] Initialized MultithreadedTaskDispatcher with 28 workers.
 -> (artifact id: 'cd98be2d11da64a0f94e363bfa31906b') in 0.005093 seconds
Number of updated asset objects reloaded before import = 0
Number of asset objects unloaded after import = 1
========================================================================
Received Import Request.
  Time since last request: 49.771895 seconds.
  path: Assets/Cube (2) Variant 1.prefab
  artifactKey: Guid(e37206f5e2f202a43aefd70e850f832c) Importer(815301076,1909f56bfc062723c751e8b465ee728b)
Start importing Assets/Cube (2) Variant 1.prefab using Guid(e37206f5e2f202a43aefd70e850f832c) Importer(815301076,1909f56bfc062723c751e8b465ee728b) [PhysX] Initialized MultithreadedTaskDispatcher with 28 workers.
[PhysX] Initialized MultithreadedTaskDispatcher with 28 workers.
 -> (artifact id: '433998783e5c1960e57488a25bc1449d') in 0.005653 seconds
Number of updated asset objects reloaded before import = 0
Number of asset objects unloaded after import = 17
========================================================================
Received Import Request.
  Time since last request: 0.000009 seconds.
  path: Assets/Cube (6) Variant.prefab
  artifactKey: Guid(d1c7ce5748b3adc428950d93ac95c7b4) Importer(815301076,1909f56bfc062723c751e8b465ee728b)
Start importing Assets/Cube (6) Variant.prefab using Guid(d1c7ce5748b3adc428950d93ac95c7b4) Importer(815301076,1909f56bfc062723c751e8b465ee728b) [PhysX] Initialized MultithreadedTaskDispatcher with 28 workers.
[PhysX] Initialized MultithreadedTaskDispatcher with 28 workers.
 -> (artifact id: 'b89a202e03b0eb3b76f2b9ce7c1fec76') in 0.004804 seconds
Number of updated asset objects reloaded before import = 0
Number of asset objects unloaded after import = 25
========================================================================
Received Import Request.
  Time since last request: 31.074372 seconds.
  path: Assets/Cube.prefab
  artifactKey: Guid(834dd79fae9548344a4b967f37ca3683) Importer(815301076,1909f56bfc062723c751e8b465ee728b)
Start importing Assets/Cube.prefab using Guid(834dd79fae9548344a4b967f37ca3683) Importer(815301076,1909f56bfc062723c751e8b465ee728b) [PhysX] Initialized MultithreadedTaskDispatcher with 28 workers.
[PhysX] Initialized MultithreadedTaskDispatcher with 28 workers.
 -> (artifact id: '7acd7e37fc47ae0d2733275649c42a38') in 0.007782 seconds
Number of updated asset objects reloaded before import = 0
Number of asset objects unloaded after import = 8
========================================================================
Received Import Request.
  Time since last request: 0.002912 seconds.
  path: Assets/Cube (4) Variant.prefab
  artifactKey: Guid(f010f85b3183c7f46b0bd7f7785bc067) Importer(815301076,1909f56bfc062723c751e8b465ee728b)
Start importing Assets/Cube (4) Variant.prefab using Guid(f010f85b3183c7f46b0bd7f7785bc067) Importer(815301076,1909f56bfc062723c751e8b465ee728b) [PhysX] Initialized MultithreadedTaskDispatcher with 28 workers.
[PhysX] Initialized MultithreadedTaskDispatcher with 28 workers.
 -> (artifact id: '5625c34cb326f1dcd7b527263fe833e2') in 0.005615 seconds
Number of updated asset objects reloaded before import = 0
Number of asset objects unloaded after import = 24
========================================================================
Received Import Request.
  Time since last request: 0.000015 seconds.
  path: Assets/Cube (3) Variant.prefab
  artifactKey: Guid(c393896b2fe874441ae592e7210ddfd0) Importer(815301076,1909f56bfc062723c751e8b465ee728b)
Start importing Assets/Cube (3) Variant.prefab using Guid(c393896b2fe874441ae592e7210ddfd0) Importer(815301076,1909f56bfc062723c751e8b465ee728b) [PhysX] Initialized MultithreadedTaskDispatcher with 28 workers.
[PhysX] Initialized MultithreadedTaskDispatcher with 28 workers.
 -> (artifact id: '95ab3416821fbc0ff317fe4389d8369f') in 0.005097 seconds
Number of updated asset objects reloaded before import = 0
Number of asset objects unloaded after import = 24
========================================================================
Received Import Request.
  Time since last request: 0.000014 seconds.
  path: Assets/Cube (2) Variant.prefab
  artifactKey: Guid(38ec75909431a5a4e8881a9c1664db18) Importer(815301076,1909f56bfc062723c751e8b465ee728b)
Start importing Assets/Cube (2) Variant.prefab using Guid(38ec75909431a5a4e8881a9c1664db18) Importer(815301076,1909f56bfc062723c751e8b465ee728b) [PhysX] Initialized MultithreadedTaskDispatcher with 28 workers.
[PhysX] Initialized MultithreadedTaskDispatcher with 28 workers.
 -> (artifact id: '05882df6b00e7ac82ba3f47190b55ef9') in 0.010732 seconds
Number of updated asset objects reloaded before import = 0
Number of asset objects unloaded after import = 23
========================================================================
Received Import Request.
  Time since last request: 0.018906 seconds.
  path: Assets/Cube (2) Variant 1.prefab
  artifactKey: Guid(e37206f5e2f202a43aefd70e850f832c) Importer(815301076,1909f56bfc062723c751e8b465ee728b)
Start importing Assets/Cube (2) Variant 1.prefab using Guid(e37206f5e2f202a43aefd70e850f832c) Importer(815301076,1909f56bfc062723c751e8b465ee728b) [PhysX] Initialized MultithreadedTaskDispatcher with 28 workers.
[PhysX] Initialized MultithreadedTaskDispatcher with 28 workers.
 -> (artifact id: '6fb5399438ee9a8d5dcce1d743f93e72') in 0.004852 seconds
Number of updated asset objects reloaded before import = 0
Number of asset objects unloaded after import = 16
========================================================================
Received Import Request.
  Time since last request: 0.000010 seconds.
  path: Assets/Cube (6) Variant.prefab
  artifactKey: Guid(d1c7ce5748b3adc428950d93ac95c7b4) Importer(815301076,1909f56bfc062723c751e8b465ee728b)
Start importing Assets/Cube (6) Variant.prefab using Guid(d1c7ce5748b3adc428950d93ac95c7b4) Importer(815301076,1909f56bfc062723c751e8b465ee728b) [PhysX] Initialized MultithreadedTaskDispatcher with 28 workers.
[PhysX] Initialized MultithreadedTaskDispatcher with 28 workers.
 -> (artifact id: 'a321469cfcc88ee526e6b8d93e0040bb') in 0.006118 seconds
Number of updated asset objects reloaded before import = 0
Number of asset objects unloaded after import = 24
Editor requested this worker to shutdown with reason: Scaling down because of idle timeout
TcpMessagingSession - receive error: operation aborted. errorcode: 995, details: Operacja We/Wy zosta³a przerwana z powodu zakoñczenia w¹tku lub ¿¹dania aplikacji.
AssetImportWorker is now disconnected from the server
Process exiting
Exiting without the bug reporter. Application will terminate with return code 0